Archive member included to satisfy reference by file (symbol)

c:/st/stm32cubeide_1.6.1/stm32cubeide/plugins/com.st.stm32cube.ide.mcu.externaltools.gnu-tools-for-stm32.9-2020-q2-update.win32_1.5.0.202011040924/tools/bin/../lib/gcc/arm-none-eabi/9.3.1/../../../../arm-none-eabi/lib/thumb/v7e-m+fp/hard\libc_nano.a(lib_a-errno.o)
                              Core/Src/syscalls.o (__errno)
c:/st/stm32cubeide_1.6.1/stm32cubeide/plugins/com.st.stm32cube.ide.mcu.externaltools.gnu-tools-for-stm32.9-2020-q2-update.win32_1.5.0.202011040924/tools/bin/../lib/gcc/arm-none-eabi/9.3.1/../../../../arm-none-eabi/lib/thumb/v7e-m+fp/hard\libc_nano.a(lib_a-exit.o)
                              c:/st/stm32cubeide_1.6.1/stm32cubeide/plugins/com.st.stm32cube.ide.mcu.externaltools.gnu-tools-for-stm32.9-2020-q2-update.win32_1.5.0.202011040924/tools/bin/../lib/gcc/arm-none-eabi/9.3.1/../../../../arm-none-eabi/lib/thumb/v7e-m+fp/hard/crt0.o (exit)
c:/st/stm32cubeide_1.6.1/stm32cubeide/plugins/com.st.stm32cube.ide.mcu.externaltools.gnu-tools-for-stm32.9-2020-q2-update.win32_1.5.0.202011040924/tools/bin/../lib/gcc/arm-none-eabi/9.3.1/../../../../arm-none-eabi/lib/thumb/v7e-m+fp/hard\libc_nano.a(lib_a-impure.o)
                              c:/st/stm32cubeide_1.6.1/stm32cubeide/plugins/com.st.stm32cube.ide.mcu.externaltools.gnu-tools-for-stm32.9-2020-q2-update.win32_1.5.0.202011040924/tools/bin/../lib/gcc/arm-none-eabi/9.3.1/../../../../arm-none-eabi/lib/thumb/v7e-m+fp/hard\libc_nano.a(lib_a-exit.o) (_global_impure_ptr)
c:/st/stm32cubeide_1.6.1/stm32cubeide/plugins/com.st.stm32cube.ide.mcu.externaltools.gnu-tools-for-stm32.9-2020-q2-update.win32_1.5.0.202011040924/tools/bin/../lib/gcc/arm-none-eabi/9.3.1/../../../../arm-none-eabi/lib/thumb/v7e-m+fp/hard\libc_nano.a(lib_a-init.o)
                              c:/st/stm32cubeide_1.6.1/stm32cubeide/plugins/com.st.stm32cube.ide.mcu.externaltools.gnu-tools-for-stm32.9-2020-q2-update.win32_1.5.0.202011040924/tools/bin/../lib/gcc/arm-none-eabi/9.3.1/../../../../arm-none-eabi/lib/thumb/v7e-m+fp/hard/crt0.o (__libc_init_array)
c:/st/stm32cubeide_1.6.1/stm32cubeide/plugins/com.st.stm32cube.ide.mcu.externaltools.gnu-tools-for-stm32.9-2020-q2-update.win32_1.5.0.202011040924/tools/bin/../lib/gcc/arm-none-eabi/9.3.1/../../../../arm-none-eabi/lib/thumb/v7e-m+fp/hard\libc_nano.a(lib_a-memset.o)
                              c:/st/stm32cubeide_1.6.1/stm32cubeide/plugins/com.st.stm32cube.ide.mcu.externaltools.gnu-tools-for-stm32.9-2020-q2-update.win32_1.5.0.202011040924/tools/bin/../lib/gcc/arm-none-eabi/9.3.1/../../../../arm-none-eabi/lib/thumb/v7e-m+fp/hard/crt0.o (memset)

Allocating common symbols
Common symbol       size              file

uwTick              0x4               Drivers/STM32L4xx_HAL_Driver/Src/stm32l4xx_hal.o

Discarded input sections

 .text          0x0000000000000000        0x0 c:/st/stm32cubeide_1.6.1/stm32cubeide/plugins/com.st.stm32cube.ide.mcu.externaltools.gnu-tools-for-stm32.9-2020-q2-update.win32_1.5.0.202011040924/tools/bin/../lib/gcc/arm-none-eabi/9.3.1/thumb/v7e-m+fp/hard/crti.o
 .data          0x0000000000000000        0x0 c:/st/stm32cubeide_1.6.1/stm32cubeide/plugins/com.st.stm32cube.ide.mcu.externaltools.gnu-tools-for-stm32.9-2020-q2-update.win32_1.5.0.202011040924/tools/bin/../lib/gcc/arm-none-eabi/9.3.1/thumb/v7e-m+fp/hard/crti.o
 .bss           0x0000000000000000        0x0 c:/st/stm32cubeide_1.6.1/stm32cubeide/plugins/com.st.stm32cube.ide.mcu.externaltools.gnu-tools-for-stm32.9-2020-q2-update.win32_1.5.0.202011040924/tools/bin/../lib/gcc/arm-none-eabi/9.3.1/thumb/v7e-m+fp/hard/crti.o
 .data          0x0000000000000000        0x4 c:/st/stm32cubeide_1.6.1/stm32cubeide/plugins/com.st.stm32cube.ide.mcu.externaltools.gnu-tools-for-stm32.9-2020-q2-update.win32_1.5.0.202011040924/tools/bin/../lib/gcc/arm-none-eabi/9.3.1/thumb/v7e-m+fp/hard/crtbegin.o
 .text          0x0000000000000000       0x7c c:/st/stm32cubeide_1.6.1/stm32cubeide/plugins/com.st.stm32cube.ide.mcu.externaltools.gnu-tools-for-stm32.9-2020-q2-update.win32_1.5.0.202011040924/tools/bin/../lib/gcc/arm-none-eabi/9.3.1/../../../../arm-none-eabi/lib/thumb/v7e-m+fp/hard/crt0.o
 .data          0x0000000000000000        0x0 c:/st/stm32cubeide_1.6.1/stm32cubeide/plugins/com.st.stm32cube.ide.mcu.externaltools.gnu-tools-for-stm32.9-2020-q2-update.win32_1.5.0.202011040924/tools/bin/../lib/gcc/arm-none-eabi/9.3.1/../../../../arm-none-eabi/lib/thumb/v7e-m+fp/hard/crt0.o
 .bss           0x0000000000000000        0x0 c:/st/stm32cubeide_1.6.1/stm32cubeide/plugins/com.st.stm32cube.ide.mcu.externaltools.gnu-tools-for-stm32.9-2020-q2-update.win32_1.5.0.202011040924/tools/bin/../lib/gcc/arm-none-eabi/9.3.1/../../../../arm-none-eabi/lib/thumb/v7e-m+fp/hard/crt0.o
[...]
Memory Configuration

Name             Origin             Length             Attributes
RAM              0x0000000020000000 0x0000000000010000 xrw
FLASH            0x0000000008000000 0x0000000000040000 xr
*default*        0x0000000000000000 0xffffffffffffffff

Linker script and memory map

LOAD c:/st/stm32cubeide_1.6.1/stm32cubeide/plugins/com.st.stm32cube.ide.mcu.externaltools.gnu-tools-for-stm32.9-2020-q2-update.win32_1.5.0.202011040924/tools/bin/../lib/gcc/arm-none-eabi/9.3.1/thumb/v7e-m+fp/hard/crti.o
LOAD c:/st/stm32cubeide_1.6.1/stm32cubeide/plugins/com.st.stm32cube.ide.mcu.externaltools.gnu-tools-for-stm32.9-2020-q2-update.win32_1.5.0.202011040924/tools/bin/../lib/gcc/arm-none-eabi/9.3.1/thumb/v7e-m+fp/hard/crtbegin.o
LOAD c:/st/stm32cubeide_1.6.1/stm32cubeide/plugins/com.st.stm32cube.ide.mcu.externaltools.gnu-tools-for-stm32.9-2020-q2-update.win32_1.5.0.202011040924/tools/bin/../lib/gcc/arm-none-eabi/9.3.1/../../../../arm-none-eabi/lib/thumb/v7e-m+fp/hard/crt0.o
LOAD Core/Src/image_info.o
LOAD Core/Src/main.o
LOAD Core/Src/stm32l4xx_hal_msp.o
LOAD Core/Src/stm32l4xx_it.o
LOAD Core/Src/syscalls.o
LOAD Core/Src/sysmem.o
LOAD Core/Src/system_stm32l4xx.o
LOAD Core/Startup/startup_stm32l432kcux.o
LOAD Drivers/STM32L4xx_HAL_Driver/Src/stm32l4xx_hal.o
LOAD Drivers/STM32L4xx_HAL_Driver/Src/stm32l4xx_hal_cortex.o
LOAD Drivers/STM32L4xx_HAL_Driver/Src/stm32l4xx_hal_dma.o
LOAD Drivers/STM32L4xx_HAL_Driver/Src/stm32l4xx_hal_dma_ex.o
LOAD Drivers/STM32L4xx_HAL_Driver/Src/stm32l4xx_hal_exti.o
LOAD Drivers/STM32L4xx_HAL_Driver/Src/stm32l4xx_hal_flash.o
LOAD Drivers/STM32L4xx_HAL_Driver/Src/stm32l4xx_hal_flash_ex.o
LOAD Drivers/STM32L4xx_HAL_Driver/Src/stm32l4xx_hal_flash_ramfunc.o
LOAD Drivers/STM32L4xx_HAL_Driver/Src/stm32l4xx_hal_gpio.o
LOAD Drivers/STM32L4xx_HAL_Driver/Src/stm32l4xx_hal_i2c.o
LOAD Drivers/STM32L4xx_HAL_Driver/Src/stm32l4xx_hal_i2c_ex.o
LOAD Drivers/STM32L4xx_HAL_Driver/Src/stm32l4xx_hal_pwr.o
LOAD Drivers/STM32L4xx_HAL_Driver/Src/stm32l4xx_hal_pwr_ex.o
LOAD Drivers/STM32L4xx_HAL_Driver/Src/stm32l4xx_hal_rcc.o
LOAD Drivers/STM32L4xx_HAL_Driver/Src/stm32l4xx_hal_rcc_ex.o
LOAD Drivers/STM32L4xx_HAL_Driver/Src/stm32l4xx_hal_tim.o
LOAD Drivers/STM32L4xx_HAL_Driver/Src/stm32l4xx_hal_tim_ex.o
START GROUP
LOAD c:/st/stm32cubeide_1.6.1/stm32cubeide/plugins/com.st.stm32cube.ide.mcu.externaltools.gnu-tools-for-stm32.9-2020-q2-update.win32_1.5.0.202011040924/tools/bin/../lib/gcc/arm-none-eabi/9.3.1/../../../../arm-none-eabi/lib/thumb/v7e-m+fp/hard\libc_nano.a
LOAD c:/st/stm32cubeide_1.6.1/stm32cubeide/plugins/com.st.stm32cube.ide.mcu.externaltools.gnu-tools-for-stm32.9-2020-q2-update.win32_1.5.0.202011040924/tools/bin/../lib/gcc/arm-none-eabi/9.3.1/../../../../arm-none-eabi/lib/thumb/v7e-m+fp/hard\libm.a
END GROUP
START GROUP
LOAD c:/st/stm32cubeide_1.6.1/stm32cubeide/plugins/com.st.stm32cube.ide.mcu.externaltools.gnu-tools-for-stm32.9-2020-q2-update.win32_1.5.0.202011040924/tools/bin/../lib/gcc/arm-none-eabi/9.3.1/thumb/v7e-m+fp/hard\libgcc.a
LOAD c:/st/stm32cubeide_1.6.1/stm32cubeide/plugins/com.st.stm32cube.ide.mcu.externaltools.gnu-tools-for-stm32.9-2020-q2-update.win32_1.5.0.202011040924/tools/bin/../lib/gcc/arm-none-eabi/9.3.1/../../../../arm-none-eabi/lib/thumb/v7e-m+fp/hard\libc_nano.a
END GROUP
START GROUP
LOAD c:/st/stm32cubeide_1.6.1/stm32cubeide/plugins/com.st.stm32cube.ide.mcu.externaltools.gnu-tools-for-stm32.9-2020-q2-update.win32_1.5.0.202011040924/tools/bin/../lib/gcc/arm-none-eabi/9.3.1/thumb/v7e-m+fp/hard\libgcc.a
LOAD c:/st/stm32cubeide_1.6.1/stm32cubeide/plugins/com.st.stm32cube.ide.mcu.externaltools.gnu-tools-for-stm32.9-2020-q2-update.win32_1.5.0.202011040924/tools/bin/../lib/gcc/arm-none-eabi/9.3.1/../../../../arm-none-eabi/lib/thumb/v7e-m+fp/hard\libc_nano.a
LOAD c:/st/stm32cubeide_1.6.1/stm32cubeide/plugins/com.st.stm32cube.ide.mcu.externaltools.gnu-tools-for-stm32.9-2020-q2-update.win32_1.5.0.202011040924/tools/bin/../lib/gcc/arm-none-eabi/9.3.1/../../../../arm-none-eabi/lib/thumb/v7e-m+fp/hard\libnosys.a
END GROUP
START GROUP
LOAD c:/st/stm32cubeide_1.6.1/stm32cubeide/plugins/com.st.stm32cube.ide.mcu.externaltools.gnu-tools-for-stm32.9-2020-q2-update.win32_1.5.0.202011040924/tools/bin/../lib/gcc/arm-none-eabi/9.3.1/thumb/v7e-m+fp/hard\libgcc.a
LOAD c:/st/stm32cubeide_1.6.1/stm32cubeide/plugins/com.st.stm32cube.ide.mcu.externaltools.gnu-tools-for-stm32.9-2020-q2-update.win32_1.5.0.202011040924/tools/bin/../lib/gcc/arm-none-eabi/9.3.1/../../../../arm-none-eabi/lib/thumb/v7e-m+fp/hard\libc_nano.a
LOAD c:/st/stm32cubeide_1.6.1/stm32cubeide/plugins/com.st.stm32cube.ide.mcu.externaltools.gnu-tools-for-stm32.9-2020-q2-update.win32_1.5.0.202011040924/tools/bin/../lib/gcc/arm-none-eabi/9.3.1/../../../../arm-none-eabi/lib/thumb/v7e-m+fp/hard\libnosys.a
END GROUP
LOAD c:/st/stm32cubeide_1.6.1/stm32cubeide/plugins/com.st.stm32cube.ide.mcu.externaltools.gnu-tools-for-stm32.9-2020-q2-update.win32_1.5.0.202011040924/tools/bin/../lib/gcc/arm-none-eabi/9.3.1/thumb/v7e-m+fp/hard/crtend.o
LOAD c:/st/stm32cubeide_1.6.1/stm32cubeide/plugins/com.st.stm32cube.ide.mcu.externaltools.gnu-tools-for-stm32.9-2020-q2-update.win32_1.5.0.202011040924/tools/bin/../lib/gcc/arm-none-eabi/9.3.1/thumb/v7e-m+fp/hard/crtn.o
                0x0000000020010000                _estack = (ORIGIN (RAM) + LENGTH (RAM))
                0x0000000000000200                _Min_Heap_Size = 0x200
                0x0000000000000400                _Min_Stack_Size = 0x400

.image_header_begin
                0x0000000008000000        0x8
                0x0000000008000000                . = ALIGN (0x4)
 *(.image_header_begin)
 .image_header_begin
                0x0000000008000000        0x8 Core/Startup/startup_stm32l432kcux.o
                0x0000000008000000                g_headerBegin
 *(.image_header_begin*)

.image_header_body
                0x0000000008000008       0x38
 *(.image_header_body)
 .image_header_body
                0x0000000008000008       0x38 Core/Src/image_info.o
                0x0000000008000008                gcau32ImageStartMagic
                0x0000000008000010                gcau8DeviceName
                0x000000000800001c                gcau8ImageVersion
                0x0000000008000024                gcau8ImageDate
                0x000000000800002c                gcu32AfterHeaderDataLength
                0x0000000008000030                gcu32AfterHeaderDataCrcValid
                0x0000000008000034                gcu32AfterHeaderDataCrc32
                0x0000000008000038                gcu32HeaderCrcValid
                0x000000000800003c                gcu32HeaderCrc32
 *(.image_header_body*)

.isr_vector     0x0000000008000040      0x34c
                0x0000000008000200                . = ALIGN (0x200)
 *fill*         0x0000000008000040      0x1c0 
 *(.isr_vector)
 .isr_vector    0x0000000008000200      0x18c Core/Startup/startup_stm32l432kcux.o
                0x0000000008000200                g_pfnVectors
                0x000000000800038c                . = ALIGN (0x4)

.text           0x000000000800038c     0x1698
                0x000000000800038c                . = ALIGN (0x4)
 *(.text)
 .text          0x000000000800038c       0x40 c:/st/stm32cubeide_1.6.1/stm32cubeide/plugins/com.st.stm32cube.ide.mcu.externaltools.gnu-tools-for-stm32.9-2020-q2-update.win32_1.5.0.202011040924/tools/bin/../lib/gcc/arm-none-eabi/9.3.1/thumb/v7e-m+fp/hard/crtbegin.o
 *(.text*)
 .text.main     0x00000000080003cc       0x50 Core/Src/main.o
                0x00000000080003cc                main
 .text.SystemClock_Config
                0x000000000800041c       0xc4 Core/Src/main.o
                0x000000000800041c                SystemClock_Config
 .text.MX_GPIO_Init
                0x00000000080004e0       0x94 Core/Src/main.o
 .text.Error_Handler
                0x0000000008000574        0xa Core/Src/main.o
                0x0000000008000574                Error_Handler
 *fill*         0x000000000800057e        0x2 
 .text.HAL_MspInit
                0x0000000008000580       0x48 Core/Src/stm32l4xx_hal_msp.o
                0x0000000008000580                HAL_MspInit
 .text.NMI_Handler
                0x00000000080005c8        0x6 Core/Src/stm32l4xx_it.o
                0x00000000080005c8                NMI_Handler
 .text.HardFault_Handler
                0x00000000080005ce        0x6 Core/Src/stm32l4xx_it.o
                0x00000000080005ce                HardFault_Handler
 .text.MemManage_Handler
                0x00000000080005d4        0x6 Core/Src/stm32l4xx_it.o
                0x00000000080005d4                MemManage_Handler
 .text.BusFault_Handler
                0x00000000080005da        0x6 Core/Src/stm32l4xx_it.o
                0x00000000080005da                BusFault_Handler
 .text.UsageFault_Handler
                0x00000000080005e0        0x6 Core/Src/stm32l4xx_it.o
                0x00000000080005e0                UsageFault_Handler
 .text.SVC_Handler
                0x00000000080005e6        0xe Core/Src/stm32l4xx_it.o
                0x00000000080005e6                SVC_Handler
 .text.DebugMon_Handler
                0x00000000080005f4        0xe Core/Src/stm32l4xx_it.o
                0x00000000080005f4                DebugMon_Handler
 .text.PendSV_Handler
                0x0000000008000602        0xe Core/Src/stm32l4xx_it.o
                0x0000000008000602                PendSV_Handler
 .text.SysTick_Handler
                0x0000000008000610        0xc Core/Src/stm32l4xx_it.o
                0x0000000008000610                SysTick_Handler
 .text.SystemInit
                0x000000000800061c       0x74 Core/Src/system_stm32l4xx.o
                0x000000000800061c                SystemInit
 .text.Reset_Handler
                0x0000000008000690       0x50 Core/Startup/startup_stm32l432kcux.o
                0x0000000008000690                Reset_Handler
 .text.Default_Handler
                0x00000000080006e0        0x2 Core/Startup/startup_stm32l432kcux.o
                0x00000000080006e0                RTC_Alarm_IRQHandler
                0x00000000080006e0                EXTI2_IRQHandler
                0x00000000080006e0                TIM1_CC_IRQHandler
                0x00000000080006e0                TSC_IRQHandler
                0x00000000080006e0                TAMP_STAMP_IRQHandler
                0x00000000080006e0                EXTI3_IRQHandler
                0x00000000080006e0                LPTIM2_IRQHandler
                0x00000000080006e0                I2C3_ER_IRQHandler
                0x00000000080006e0                EXTI0_IRQHandler
                0x00000000080006e0                CAN1_RX0_IRQHandler
                0x00000000080006e0                FPU_IRQHandler
                0x00000000080006e0                TIM1_UP_TIM16_IRQHandler
                0x00000000080006e0                SPI1_IRQHandler
                0x00000000080006e0                TIM6_DAC_IRQHandler
                0x00000000080006e0                DMA2_Channel2_IRQHandler
                0x00000000080006e0                DMA1_Channel4_IRQHandler
                0x00000000080006e0                ADC1_IRQHandler
                0x00000000080006e0                DMA1_Channel7_IRQHandler
                0x00000000080006e0                CAN1_RX1_IRQHandler
                0x00000000080006e0                DMA2_Channel1_IRQHandler
                0x00000000080006e0                QUADSPI_IRQHandler
                0x00000000080006e0                I2C1_EV_IRQHandler
                0x00000000080006e0                DMA1_Channel6_IRQHandler
                0x00000000080006e0                DMA2_Channel4_IRQHandler
                0x00000000080006e0                RCC_IRQHandler
                0x00000000080006e0                TIM1_TRG_COM_IRQHandler
                0x00000000080006e0                DMA1_Channel1_IRQHandler
                0x00000000080006e0                Default_Handler
                0x00000000080006e0                DMA2_Channel7_IRQHandler
                0x00000000080006e0                EXTI15_10_IRQHandler
                0x00000000080006e0                TIM7_IRQHandler
                0x00000000080006e0                I2C3_EV_IRQHandler
                0x00000000080006e0                USB_IRQHandler
                0x00000000080006e0                EXTI9_5_IRQHandler
                0x00000000080006e0                RTC_WKUP_IRQHandler
                0x00000000080006e0                PVD_PVM_IRQHandler
                0x00000000080006e0                CAN1_TX_IRQHandler
                0x00000000080006e0                DMA2_Channel5_IRQHandler
                0x00000000080006e0                CRS_IRQHandler
                0x00000000080006e0                DMA1_Channel5_IRQHandler
                0x00000000080006e0                EXTI4_IRQHandler
                0x00000000080006e0                RNG_IRQHandler
                0x00000000080006e0                DMA1_Channel3_IRQHandler
                0x00000000080006e0                COMP_IRQHandler
                0x00000000080006e0                WWDG_IRQHandler
                0x00000000080006e0                LPUART1_IRQHandler
                0x00000000080006e0                DMA2_Channel6_IRQHandler
                0x00000000080006e0                TIM2_IRQHandler
                0x00000000080006e0                EXTI1_IRQHandler
                0x00000000080006e0                USART2_IRQHandler
                0x00000000080006e0                DMA1_Channel2_IRQHandler
                0x00000000080006e0                CAN1_SCE_IRQHandler
                0x00000000080006e0                FLASH_IRQHandler
                0x00000000080006e0                USART1_IRQHandler
                0x00000000080006e0                SPI3_IRQHandler
                0x00000000080006e0                I2C1_ER_IRQHandler
                0x00000000080006e0                SWPMI1_IRQHandler
                0x00000000080006e0                LPTIM1_IRQHandler
                0x00000000080006e0                SAI1_IRQHandler
                0x00000000080006e0                DMA2_Channel3_IRQHandler
                0x00000000080006e0                TIM1_BRK_TIM15_IRQHandler
 .text.HAL_Init
                0x00000000080006e2       0x30 Drivers/STM32L4xx_HAL_Driver/Src/stm32l4xx_hal.o
                0x00000000080006e2                HAL_Init
 *fill*         0x0000000008000712        0x2 
 .text.HAL_InitTick
                0x0000000008000714       0x78 Drivers/STM32L4xx_HAL_Driver/Src/stm32l4xx_hal.o
                0x0000000008000714                HAL_InitTick
 .text.HAL_IncTick
                0x000000000800078c       0x28 Drivers/STM32L4xx_HAL_Driver/Src/stm32l4xx_hal.o
                0x000000000800078c                HAL_IncTick
 .text.HAL_GetTick
                0x00000000080007b4       0x18 Drivers/STM32L4xx_HAL_Driver/Src/stm32l4xx_hal.o
                0x00000000080007b4                HAL_GetTick
 .text.__NVIC_SetPriorityGrouping
                0x00000000080007cc       0x48 Drivers/STM32L4xx_HAL_Driver/Src/stm32l4xx_hal_cortex.o
 .text.__NVIC_GetPriorityGrouping
                0x0000000008000814       0x1c Drivers/STM32L4xx_HAL_Driver/Src/stm32l4xx_hal_cortex.o
 .text.__NVIC_SetPriority
                0x0000000008000830       0x54 Drivers/STM32L4xx_HAL_Driver/Src/stm32l4xx_hal_cortex.o
 .text.NVIC_EncodePriority
                0x0000000008000884       0x66 Drivers/STM32L4xx_HAL_Driver/Src/stm32l4xx_hal_cortex.o
 *fill*         0x00000000080008ea        0x2 
 .text.SysTick_Config
                0x00000000080008ec       0x44 Drivers/STM32L4xx_HAL_Driver/Src/stm32l4xx_hal_cortex.o
 .text.HAL_NVIC_SetPriorityGrouping
                0x0000000008000930       0x16 Drivers/STM32L4xx_HAL_Driver/Src/stm32l4xx_hal_cortex.o
                0x0000000008000930                HAL_NVIC_SetPriorityGrouping
 .text.HAL_NVIC_SetPriority
                0x0000000008000946       0x38 Drivers/STM32L4xx_HAL_Driver/Src/stm32l4xx_hal_cortex.o
                0x0000000008000946                HAL_NVIC_SetPriority
 .text.HAL_SYSTICK_Config
                0x000000000800097e       0x18 Drivers/STM32L4xx_HAL_Driver/Src/stm32l4xx_hal_cortex.o
                0x000000000800097e                HAL_SYSTICK_Config
 *fill*         0x0000000008000996        0x2 
 .text.HAL_GPIO_Init
                0x0000000008000998      0x2d4 Drivers/STM32L4xx_HAL_Driver/Src/stm32l4xx_hal_gpio.o
                0x0000000008000998                HAL_GPIO_Init
 .text.HAL_GPIO_WritePin
                0x0000000008000c6c       0x30 Drivers/STM32L4xx_HAL_Driver/Src/stm32l4xx_hal_gpio.o
                0x0000000008000c6c                HAL_GPIO_WritePin
 .text.HAL_GPIO_TogglePin
                0x0000000008000c9c       0x34 Drivers/STM32L4xx_HAL_Driver/Src/stm32l4xx_hal_gpio.o
                0x0000000008000c9c                HAL_GPIO_TogglePin
 .text.HAL_PWR_EnableBkUpAccess
                0x0000000008000cd0       0x20 Drivers/STM32L4xx_HAL_Driver/Src/stm32l4xx_hal_pwr.o
                0x0000000008000cd0                HAL_PWR_EnableBkUpAccess
 .text.HAL_PWREx_GetVoltageRange
                0x0000000008000cf0       0x1c Drivers/STM32L4xx_HAL_Driver/Src/stm32l4xx_hal_pwr_ex.o
                0x0000000008000cf0                HAL_PWREx_GetVoltageRange
 .text.HAL_PWREx_ControlVoltageScaling
                0x0000000008000d0c       0xac Drivers/STM32L4xx_HAL_Driver/Src/stm32l4xx_hal_pwr_ex.o
                0x0000000008000d0c                HAL_PWREx_ControlVoltageScaling
 .text.HAL_RCC_OscConfig
                0x0000000008000db8      0x840 Drivers/STM32L4xx_HAL_Driver/Src/stm32l4xx_hal_rcc.o
                0x0000000008000db8                HAL_RCC_OscConfig
 .text.HAL_RCC_ClockConfig
                0x00000000080015f8      0x1c4 Drivers/STM32L4xx_HAL_Driver/Src/stm32l4xx_hal_rcc.o
                0x00000000080015f8                HAL_RCC_ClockConfig
 .text.HAL_RCC_GetSysClockFreq
                0x00000000080017bc      0x118 Drivers/STM32L4xx_HAL_Driver/Src/stm32l4xx_hal_rcc.o
                0x00000000080017bc                HAL_RCC_GetSysClockFreq
 .text.RCC_SetFlashLatencyFromMSIRange
                0x00000000080018d4       0xc0 Drivers/STM32L4xx_HAL_Driver/Src/stm32l4xx_hal_rcc.o
 .text.HAL_RCCEx_EnableMSIPLLMode
                0x0000000008001994       0x20 Drivers/STM32L4xx_HAL_Driver/Src/stm32l4xx_hal_rcc_ex.o
                0x0000000008001994                HAL_RCCEx_EnableMSIPLLMode
 .text.__libc_init_array
                0x00000000080019b4       0x48 c:/st/stm32cubeide_1.6.1/stm32cubeide/plugins/com.st.stm32cube.ide.mcu.externaltools.gnu-tools-for-stm32.9-2020-q2-update.win32_1.5.0.202011040924/tools/bin/../lib/gcc/arm-none-eabi/9.3.1/../../../../arm-none-eabi/lib/thumb/v7e-m+fp/hard\libc_nano.a(lib_a-init.o)
                0x00000000080019b4                __libc_init_array
 .text.memset   0x00000000080019fc       0x10 c:/st/stm32cubeide_1.6.1/stm32cubeide/plugins/com.st.stm32cube.ide.mcu.externaltools.gnu-tools-for-stm32.9-2020-q2-update.win32_1.5.0.202011040924/tools/bin/../lib/gcc/arm-none-eabi/9.3.1/../../../../arm-none-eabi/lib/thumb/v7e-m+fp/hard\libc_nano.a(lib_a-memset.o)
                0x00000000080019fc                memset
 *(.glue_7)
 .glue_7        0x0000000008001a0c        0x0 linker stubs
 *(.glue_7t)
 .glue_7t       0x0000000008001a0c        0x0 linker stubs
 *(.eh_frame)
 .eh_frame      0x0000000008001a0c        0x0 c:/st/stm32cubeide_1.6.1/stm32cubeide/plugins/com.st.stm32cube.ide.mcu.externaltools.gnu-tools-for-stm32.9-2020-q2-update.win32_1.5.0.202011040924/tools/bin/../lib/gcc/arm-none-eabi/9.3.1/thumb/v7e-m+fp/hard/crtbegin.o
 *(.init)
 .init          0x0000000008001a0c        0x4 c:/st/stm32cubeide_1.6.1/stm32cubeide/plugins/com.st.stm32cube.ide.mcu.externaltools.gnu-tools-for-stm32.9-2020-q2-update.win32_1.5.0.202011040924/tools/bin/../lib/gcc/arm-none-eabi/9.3.1/thumb/v7e-m+fp/hard/crti.o
                0x0000000008001a0c                _init
 .init          0x0000000008001a10        0x8 c:/st/stm32cubeide_1.6.1/stm32cubeide/plugins/com.st.stm32cube.ide.mcu.externaltools.gnu-tools-for-stm32.9-2020-q2-update.win32_1.5.0.202011040924/tools/bin/../lib/gcc/arm-none-eabi/9.3.1/thumb/v7e-m+fp/hard/crtn.o
 *(.fini)
 .fini          0x0000000008001a18        0x4 c:/st/stm32cubeide_1.6.1/stm32cubeide/plugins/com.st.stm32cube.ide.mcu.externaltools.gnu-tools-for-stm32.9-2020-q2-update.win32_1.5.0.202011040924/tools/bin/../lib/gcc/arm-none-eabi/9.3.1/thumb/v7e-m+fp/hard/crti.o
                0x0000000008001a18                _fini
 .fini          0x0000000008001a1c        0x8 c:/st/stm32cubeide_1.6.1/stm32cubeide/plugins/com.st.stm32cube.ide.mcu.externaltools.gnu-tools-for-stm32.9-2020-q2-update.win32_1.5.0.202011040924/tools/bin/../lib/gcc/arm-none-eabi/9.3.1/thumb/v7e-m+fp/hard/crtn.o
                0x0000000008001a24                . = ALIGN (0x4)
                0x0000000008001a24                _etext = .

.vfp11_veneer   0x0000000008001a24        0x0
 .vfp11_veneer  0x0000000008001a24        0x0 linker stubs

.v4_bx          0x0000000008001a24        0x0
 .v4_bx         0x0000000008001a24        0x0 linker stubs

.iplt           0x0000000008001a24        0x0
 .iplt          0x0000000008001a24        0x0 c:/st/stm32cubeide_1.6.1/stm32cubeide/plugins/com.st.stm32cube.ide.mcu.externaltools.gnu-tools-for-stm32.9-2020-q2-update.win32_1.5.0.202011040924/tools/bin/../lib/gcc/arm-none-eabi/9.3.1/thumb/v7e-m+fp/hard/crtbegin.o

.rodata         0x0000000008001a24       0x40
                0x0000000008001a24                . = ALIGN (0x4)
 *(.rodata)
 *(.rodata*)
 .rodata.AHBPrescTable
                0x0000000008001a24       0x10 Core/Src/system_stm32l4xx.o
                0x0000000008001a24                AHBPrescTable
 .rodata.MSIRangeTable
                0x0000000008001a34       0x30 Core/Src/system_stm32l4xx.o
                0x0000000008001a34                MSIRangeTable
                0x0000000008001a64                . = ALIGN (0x4)

.rel.dyn        0x0000000008001a64        0x0
 .rel.iplt      0x0000000008001a64        0x0 c:/st/stm32cubeide_1.6.1/stm32cubeide/plugins/com.st.stm32cube.ide.mcu.externaltools.gnu-tools-for-stm32.9-2020-q2-update.win32_1.5.0.202011040924/tools/bin/../lib/gcc/arm-none-eabi/9.3.1/thumb/v7e-m+fp/hard/crtbegin.o

.ARM.extab      0x0000000008001a64        0x0
                0x0000000008001a64                . = ALIGN (0x4)
 *(.ARM.extab* .gnu.linkonce.armextab.*)
                0x0000000008001a64                . = ALIGN (0x4)

.ARM            0x0000000008001a64        0x0
                0x0000000008001a64                . = ALIGN (0x4)
                0x0000000008001a64                __exidx_start = .
 *(.ARM.exidx*)
                0x0000000008001a64                __exidx_end = .
                0x0000000008001a64                . = ALIGN (0x4)

.preinit_array  0x0000000008001a64        0x0
                0x0000000008001a64                . = ALIGN (0x4)
                0x0000000008001a64                PROVIDE (__preinit_array_start = .)
 *(.preinit_array*)
                0x0000000008001a64                PROVIDE (__preinit_array_end = .)
                0x0000000008001a64                . = ALIGN (0x4)

.init_array     0x0000000008001a64        0x4
                0x0000000008001a64                . = ALIGN (0x4)
                0x0000000008001a64                PROVIDE (__init_array_start = .)
 *(SORT_BY_NAME(.init_array.*))
 *(.init_array*)
 .init_array    0x0000000008001a64        0x4 c:/st/stm32cubeide_1.6.1/stm32cubeide/plugins/com.st.stm32cube.ide.mcu.externaltools.gnu-tools-for-stm32.9-2020-q2-update.win32_1.5.0.202011040924/tools/bin/../lib/gcc/arm-none-eabi/9.3.1/thumb/v7e-m+fp/hard/crtbegin.o
                0x0000000008001a68                PROVIDE (__init_array_end = .)
                0x0000000008001a68                . = ALIGN (0x4)

.fini_array     0x0000000008001a68        0x4
                0x0000000008001a68                . = ALIGN (0x4)
                [!provide]                        PROVIDE (__fini_array_start = .)
 *(SORT_BY_NAME(.fini_array.*))
 *(.fini_array*)
 .fini_array    0x0000000008001a68        0x4 c:/st/stm32cubeide_1.6.1/stm32cubeide/plugins/com.st.stm32cube.ide.mcu.externaltools.gnu-tools-for-stm32.9-2020-q2-update.win32_1.5.0.202011040924/tools/bin/../lib/gcc/arm-none-eabi/9.3.1/thumb/v7e-m+fp/hard/crtbegin.o
                [!provide]                        PROVIDE (__fini_array_end = .)
                0x0000000008001a6c                . = ALIGN (0x4)
                0x0000000008001a6c                _sidata = LOADADDR (.data)

.data           0x0000000020000000        0xc load address 0x0000000008001a6c
                0x0000000020000000                . = ALIGN (0x4)
                0x0000000020000000                _sdata = .
 *(.data)
 *(.data*)
 .data.SystemCoreClock
                0x0000000020000000        0x4 Core/Src/system_stm32l4xx.o
                0x0000000020000000                SystemCoreClock
 .data.uwTickPrio
                0x0000000020000004        0x4 Drivers/STM32L4xx_HAL_Driver/Src/stm32l4xx_hal.o
                0x0000000020000004                uwTickPrio
 .data.uwTickFreq
                0x0000000020000008        0x1 Drivers/STM32L4xx_HAL_Driver/Src/stm32l4xx_hal.o
                0x0000000020000008                uwTickFreq
 *(.RamFunc)
 *(.RamFunc*)
                0x000000002000000c                . = ALIGN (0x4)
 *fill*         0x0000000020000009        0x3 
                0x000000002000000c                _edata = .

.igot.plt       0x000000002000000c        0x0 load address 0x0000000008001a78
 .igot.plt      0x000000002000000c        0x0 c:/st/stm32cubeide_1.6.1/stm32cubeide/plugins/com.st.stm32cube.ide.mcu.externaltools.gnu-tools-for-stm32.9-2020-q2-update.win32_1.5.0.202011040924/tools/bin/../lib/gcc/arm-none-eabi/9.3.1/thumb/v7e-m+fp/hard/crtbegin.o
                0x000000002000000c                . = ALIGN (0x4)

.bss            0x000000002000000c       0x20 load address 0x0000000008001a78
                0x000000002000000c                _sbss = .
                0x000000002000000c                __bss_start__ = _sbss
 *(.bss)
 .bss           0x000000002000000c       0x1c c:/st/stm32cubeide_1.6.1/stm32cubeide/plugins/com.st.stm32cube.ide.mcu.externaltools.gnu-tools-for-stm32.9-2020-q2-update.win32_1.5.0.202011040924/tools/bin/../lib/gcc/arm-none-eabi/9.3.1/thumb/v7e-m+fp/hard/crtbegin.o
 *(.bss*)
 *(COMMON)
 COMMON         0x0000000020000028        0x4 Drivers/STM32L4xx_HAL_Driver/Src/stm32l4xx_hal.o
                0x0000000020000028                uwTick
                0x000000002000002c                . = ALIGN (0x4)
                0x000000002000002c                _ebss = .
                0x000000002000002c                __bss_end__ = _ebss

._user_heap_stack
                0x000000002000002c      0x604 load address 0x0000000008001a78
                0x0000000020000030                . = ALIGN (0x8)
 *fill*         0x000000002000002c        0x4 
                [!provide]                        PROVIDE (end = .)
                0x0000000020000030                PROVIDE (_end = .)
                0x0000000020000230                . = (. + _Min_Heap_Size)
 *fill*         0x0000000020000030      0x200 
                0x0000000020000630                . = (. + _Min_Stack_Size)
 *fill*         0x0000000020000230      0x400 
                0x0000000020000630                . = ALIGN (0x8)

/DISCARD/
 libc.a(*)
 libm.a(*)
 libgcc.a(*)

.ARM.attributes
                0x0000000000000000       0x30
 *(.ARM.attributes)
 .ARM.attributes
                0x0000000000000000       0x1e c:/st/stm32cubeide_1.6.1/stm32cubeide/plugins/com.st.stm32cube.ide.mcu.externaltools.gnu-tools-for-stm32.9-2020-q2-update.win32_1.5.0.202011040924/tools/bin/../lib/gcc/arm-none-eabi/9.3.1/thumb/v7e-m+fp/hard/crti.o
 .ARM.attributes
                0x000000000000001e       0x34 c:/st/stm32cubeide_1.6.1/stm32cubeide/plugins/com.st.stm32cube.ide.mcu.externaltools.gnu-tools-for-stm32.9-2020-q2-update.win32_1.5.0.202011040924/tools/bin/../lib/gcc/arm-none-eabi/9.3.1/thumb/v7e-m+fp/hard/crtbegin.o
 .ARM.attributes
                0x0000000000000052       0x39 Core/Src/image_info.o
 .ARM.attributes
                0x000000000000008b       0x34 Core/Src/main.o
 .ARM.attributes
                0x00000000000000bf       0x34 Core/Src/stm32l4xx_hal_msp.o
 .ARM.attributes
                0x00000000000000f3       0x34 Core/Src/stm32l4xx_it.o
 .ARM.attributes
                0x0000000000000127       0x34 Core/Src/system_stm32l4xx.o
 .ARM.attributes
                0x000000000000015b       0x21 Core/Startup/startup_stm32l432kcux.o
 .ARM.attributes
                0x000000000000017c       0x34 Drivers/STM32L4xx_HAL_Driver/Src/stm32l4xx_hal.o
 .ARM.attributes
                0x00000000000001b0       0x34 Drivers/STM32L4xx_HAL_Driver/Src/stm32l4xx_hal_cortex.o
 .ARM.attributes
                0x00000000000001e4       0x34 Drivers/STM32L4xx_HAL_Driver/Src/stm32l4xx_hal_gpio.o
 .ARM.attributes
                0x0000000000000218       0x34 Drivers/STM32L4xx_HAL_Driver/Src/stm32l4xx_hal_pwr.o
 .ARM.attributes
                0x000000000000024c       0x34 Drivers/STM32L4xx_HAL_Driver/Src/stm32l4xx_hal_pwr_ex.o
 .ARM.attributes
                0x0000000000000280       0x34 Drivers/STM32L4xx_HAL_Driver/Src/stm32l4xx_hal_rcc.o
 .ARM.attributes
                0x00000000000002b4       0x34 Drivers/STM32L4xx_HAL_Driver/Src/stm32l4xx_hal_rcc_ex.o
 .ARM.attributes
                0x00000000000002e8       0x34 c:/st/stm32cubeide_1.6.1/stm32cubeide/plugins/com.st.stm32cube.ide.mcu.externaltools.gnu-tools-for-stm32.9-2020-q2-update.win32_1.5.0.202011040924/tools/bin/../lib/gcc/arm-none-eabi/9.3.1/../../../../arm-none-eabi/lib/thumb/v7e-m+fp/hard\libc_nano.a(lib_a-init.o)
 .ARM.attributes
                0x000000000000031c       0x34 c:/st/stm32cubeide_1.6.1/stm32cubeide/plugins/com.st.stm32cube.ide.mcu.externaltools.gnu-tools-for-stm32.9-2020-q2-update.win32_1.5.0.202011040924/tools/bin/../lib/gcc/arm-none-eabi/9.3.1/../../../../arm-none-eabi/lib/thumb/v7e-m+fp/hard\libc_nano.a(lib_a-memset.o)
 .ARM.attributes
                0x0000000000000350       0x1e c:/st/stm32cubeide_1.6.1/stm32cubeide/plugins/com.st.stm32cube.ide.mcu.externaltools.gnu-tools-for-stm32.9-2020-q2-update.win32_1.5.0.202011040924/tools/bin/../lib/gcc/arm-none-eabi/9.3.1/thumb/v7e-m+fp/hard/crtn.o
OUTPUT(L432KC-dynamic-header.elf elf32-littlearm)
LOAD linker stubs
LOAD c:/st/stm32cubeide_1.6.1/stm32cubeide/plugins/com.st.stm32cube.ide.mcu.externaltools.gnu-tools-for-stm32.9-2020-q2-update.win32_1.5.0.202011040924/tools/bin/../lib/gcc/arm-none-eabi/9.3.1/../../../../arm-none-eabi/lib/thumb/v7e-m+fp/hard\libc.a
LOAD c:/st/stm32cubeide_1.6.1/stm32cubeide/plugins/com.st.stm32cube.ide.mcu.externaltools.gnu-tools-for-stm32.9-2020-q2-update.win32_1.5.0.202011040924/tools/bin/../lib/gcc/arm-none-eabi/9.3.1/../../../../arm-none-eabi/lib/thumb/v7e-m+fp/hard\libm.a
LOAD c:/st/stm32cubeide_1.6.1/stm32cubeide/plugins/com.st.stm32cube.ide.mcu.externaltools.gnu-tools-for-stm32.9-2020-q2-update.win32_1.5.0.202011040924/tools/bin/../lib/gcc/arm-none-eabi/9.3.1/thumb/v7e-m+fp/hard\libgcc.a

.debug_info     0x0000000000000000     0x7601
 .debug_info    0x0000000000000000      0x183 Core/Src/image_info.o
 .debug_info    0x0000000000000183      0x904 Core/Src/main.o
 .debug_info    0x0000000000000a87      0x553 Core/Src/stm32l4xx_hal_msp.o
 .debug_info    0x0000000000000fda      0x373 Core/Src/stm32l4xx_it.o
 .debug_info    0x000000000000134d      0x7a6 Core/Src/system_stm32l4xx.o
 .debug_info    0x0000000000001af3       0x22 Core/Startup/startup_stm32l432kcux.o
 .debug_info    0x0000000000001b15      0xb5e Drivers/STM32L4xx_HAL_Driver/Src/stm32l4xx_hal.o
 .debug_info    0x0000000000002673      0xfb0 Drivers/STM32L4xx_HAL_Driver/Src/stm32l4xx_hal_cortex.o
 .debug_info    0x0000000000003623      0xa5f Drivers/STM32L4xx_HAL_Driver/Src/stm32l4xx_hal_gpio.o
 .debug_info    0x0000000000004082      0xb47 Drivers/STM32L4xx_HAL_Driver/Src/stm32l4xx_hal_pwr.o
 .debug_info    0x0000000000004bc9      0xb7b Drivers/STM32L4xx_HAL_Driver/Src/stm32l4xx_hal_pwr_ex.o
 .debug_info    0x0000000000005744      0xdb5 Drivers/STM32L4xx_HAL_Driver/Src/stm32l4xx_hal_rcc.o
 .debug_info    0x00000000000064f9     0x1108 Drivers/STM32L4xx_HAL_Driver/Src/stm32l4xx_hal_rcc_ex.o

.debug_abbrev   0x0000000000000000     0x159e
 .debug_abbrev  0x0000000000000000       0x64 Core/Src/image_info.o
 .debug_abbrev  0x0000000000000064      0x1c6 Core/Src/main.o
 .debug_abbrev  0x000000000000022a      0x13d Core/Src/stm32l4xx_hal_msp.o
 .debug_abbrev  0x0000000000000367       0xf2 Core/Src/stm32l4xx_it.o
 .debug_abbrev  0x0000000000000459      0x189 Core/Src/system_stm32l4xx.o
 .debug_abbrev  0x00000000000005e2       0x12 Core/Startup/startup_stm32l432kcux.o
 .debug_abbrev  0x00000000000005f4      0x20b Drivers/STM32L4xx_HAL_Driver/Src/stm32l4xx_hal.o
 .debug_abbrev  0x00000000000007ff      0x33c Drivers/STM32L4xx_HAL_Driver/Src/stm32l4xx_hal_cortex.o
 .debug_abbrev  0x0000000000000b3b      0x1e8 Drivers/STM32L4xx_HAL_Driver/Src/stm32l4xx_hal_gpio.o
 .debug_abbrev  0x0000000000000d23      0x1ab Drivers/STM32L4xx_HAL_Driver/Src/stm32l4xx_hal_pwr.o
 .debug_abbrev  0x0000000000000ece      0x1f3 Drivers/STM32L4xx_HAL_Driver/Src/stm32l4xx_hal_pwr_ex.o
 .debug_abbrev  0x00000000000010c1      0x275 Drivers/STM32L4xx_HAL_Driver/Src/stm32l4xx_hal_rcc.o
 .debug_abbrev  0x0000000000001336      0x268 Drivers/STM32L4xx_HAL_Driver/Src/stm32l4xx_hal_rcc_ex.o

.debug_aranges  0x0000000000000000      0x6d0
 .debug_aranges
                0x0000000000000000       0x18 Core/Src/image_info.o
 .debug_aranges
                0x0000000000000018       0x38 Core/Src/main.o
 .debug_aranges
                0x0000000000000050       0x20 Core/Src/stm32l4xx_hal_msp.o
 .debug_aranges
                0x0000000000000070       0x60 Core/Src/stm32l4xx_it.o
 .debug_aranges
                0x00000000000000d0       0x28 Core/Src/system_stm32l4xx.o
 .debug_aranges
                0x00000000000000f8       0x28 Core/Startup/startup_stm32l432kcux.o
 .debug_aranges
                0x0000000000000120      0x108 Drivers/STM32L4xx_HAL_Driver/Src/stm32l4xx_hal.o
 .debug_aranges
                0x0000000000000228      0x118 Drivers/STM32L4xx_HAL_Driver/Src/stm32l4xx_hal_cortex.o
 .debug_aranges
                0x0000000000000340       0x58 Drivers/STM32L4xx_HAL_Driver/Src/stm32l4xx_hal_gpio.o
 .debug_aranges
                0x0000000000000398       0x98 Drivers/STM32L4xx_HAL_Driver/Src/stm32l4xx_hal_pwr.o
 .debug_aranges
                0x0000000000000430      0x128 Drivers/STM32L4xx_HAL_Driver/Src/stm32l4xx_hal_pwr_ex.o
 .debug_aranges
                0x0000000000000558       0x88 Drivers/STM32L4xx_HAL_Driver/Src/stm32l4xx_hal_rcc.o
 .debug_aranges
                0x00000000000005e0       0xf0 Drivers/STM32L4xx_HAL_Driver/Src/stm32l4xx_hal_rcc_ex.o

.debug_macro    0x0000000000000000    0x1e871
 .debug_macro   0x0000000000000000       0x6d Core/Src/image_info.o
 .debug_macro   0x000000000000006d      0xaa8 Core/Src/image_info.o
 .debug_macro   0x0000000000000b15       0x22 Core/Src/image_info.o
 .debug_macro   0x0000000000000b37       0x8e Core/Src/image_info.o
 .debug_macro   0x0000000000000bc5       0x51 Core/Src/image_info.o
 .debug_macro   0x0000000000000c16      0x103 Core/Src/image_info.o
 .debug_macro   0x0000000000000d19       0x6a Core/Src/image_info.o
 .debug_macro   0x0000000000000d83      0x1df Core/Src/image_info.o
 .debug_macro   0x0000000000000f62      0x1c0 Core/Src/main.o
 .debug_macro   0x0000000000001122      0x1a1 Core/Src/main.o
 .debug_macro   0x00000000000012c3       0x2e Core/Src/main.o
 .debug_macro   0x00000000000012f1       0x28 Core/Src/main.o
 .debug_macro   0x0000000000001319       0x1c Core/Src/main.o
 .debug_macro   0x0000000000001335       0x22 Core/Src/main.o
 .debug_macro   0x0000000000001357      0x101 Core/Src/main.o
 .debug_macro   0x0000000000001458     0x1011 Core/Src/main.o
 .debug_macro   0x0000000000002469      0x11f Core/Src/main.o
 .debug_macro   0x0000000000002588    0x1479f Core/Src/main.o
 .debug_macro   0x0000000000016d27       0x43 Core/Src/main.o
 .debug_macro   0x0000000000016d6a     0x3897 Core/Src/main.o
 .debug_macro   0x000000000001a601      0x174 Core/Src/main.o
 .debug_macro   0x000000000001a775       0x5c Core/Src/main.o
 .debug_macro   0x000000000001a7d1     0x118b Core/Src/main.o
 .debug_macro   0x000000000001b95c      0x535 Core/Src/main.o
 .debug_macro   0x000000000001be91      0x13d Core/Src/main.o
 .debug_macro   0x000000000001bfce      0x122 Core/Src/main.o
 .debug_macro   0x000000000001c0f0      0x26b Core/Src/main.o
 .debug_macro   0x000000000001c35b      0x23d Core/Src/main.o
 .debug_macro   0x000000000001c598      0x241 Core/Src/main.o
 .debug_macro   0x000000000001c7d9      0x375 Core/Src/main.o
 .debug_macro   0x000000000001cb4e       0xd6 Core/Src/main.o
 .debug_macro   0x000000000001cc24      0x22c Core/Src/main.o
 .debug_macro   0x000000000001ce50       0x61 Core/Src/main.o
 .debug_macro   0x000000000001ceb1       0xa5 Core/Src/main.o
 .debug_macro   0x000000000001cf56      0x122 Core/Src/main.o
 .debug_macro   0x000000000001d078      0x357 Core/Src/main.o
 .debug_macro   0x000000000001d3cf      0x221 Core/Src/main.o
 .debug_macro   0x000000000001d5f0       0x34 Core/Src/main.o
 .debug_macro   0x000000000001d624      0x1c0 Core/Src/stm32l4xx_hal_msp.o
 .debug_macro   0x000000000001d7e4      0x1ca Core/Src/stm32l4xx_it.o
 .debug_macro   0x000000000001d9ae      0x1b1 Core/Src/system_stm32l4xx.o
 .debug_macro   0x000000000001db5f      0x1f9 Drivers/STM32L4xx_HAL_Driver/Src/stm32l4xx_hal.o
 .debug_macro   0x000000000001dd58      0x1b1 Drivers/STM32L4xx_HAL_Driver/Src/stm32l4xx_hal_cortex.o
 .debug_macro   0x000000000001df09      0x1f0 Drivers/STM32L4xx_HAL_Driver/Src/stm32l4xx_hal_gpio.o
 .debug_macro   0x000000000001e0f9      0x1c9 Drivers/STM32L4xx_HAL_Driver/Src/stm32l4xx_hal_pwr.o
 .debug_macro   0x000000000001e2c2      0x1d5 Drivers/STM32L4xx_HAL_Driver/Src/stm32l4xx_hal_pwr_ex.o
 .debug_macro   0x000000000001e497      0x1f3 Drivers/STM32L4xx_HAL_Driver/Src/stm32l4xx_hal_rcc.o
 .debug_macro   0x000000000001e68a      0x1e7 Drivers/STM32L4xx_HAL_Driver/Src/stm32l4xx_hal_rcc_ex.o

.debug_line     0x0000000000000000     0x7692
 .debug_line    0x0000000000000000      0x394 Core/Src/image_info.o
 .debug_line    0x0000000000000394      0x75d Core/Src/main.o
 .debug_line    0x0000000000000af1      0x695 Core/Src/stm32l4xx_hal_msp.o
 .debug_line    0x0000000000001186      0x757 Core/Src/stm32l4xx_it.o
 .debug_line    0x00000000000018dd      0x75b Core/Src/system_stm32l4xx.o
 .debug_line    0x0000000000002038       0x87 Core/Startup/startup_stm32l432kcux.o
 .debug_line    0x00000000000020bf      0x9f1 Drivers/STM32L4xx_HAL_Driver/Src/stm32l4xx_hal.o
 .debug_line    0x0000000000002ab0      0xc2b Drivers/STM32L4xx_HAL_Driver/Src/stm32l4xx_hal_cortex.o
 .debug_line    0x00000000000036db      0xa7f Drivers/STM32L4xx_HAL_Driver/Src/stm32l4xx_hal_gpio.o
 .debug_line    0x000000000000415a      0x861 Drivers/STM32L4xx_HAL_Driver/Src/stm32l4xx_hal_pwr.o
 .debug_line    0x00000000000049bb      0xb77 Drivers/STM32L4xx_HAL_Driver/Src/stm32l4xx_hal_pwr_ex.o
 .debug_line    0x0000000000005532      0xf0a Drivers/STM32L4xx_HAL_Driver/Src/stm32l4xx_hal_rcc.o
 .debug_line    0x000000000000643c     0x1256 Drivers/STM32L4xx_HAL_Driver/Src/stm32l4xx_hal_rcc_ex.o

.debug_str      0x0000000000000000    0xb7d6d
 .debug_str     0x0000000000000000     0x3c44 Core/Src/image_info.o
                                       0x3db0 (size before relaxing)
 .debug_str     0x0000000000003c44    0xb1fe1 Core/Src/main.o
                                      0xb5e0b (size before relaxing)
 .debug_str     0x00000000000b5c25       0x2c Core/Src/stm32l4xx_hal_msp.o
                                      0xb5bbc (size before relaxing)
 .debug_str     0x00000000000b5c51       0xbd Core/Src/stm32l4xx_it.o
                                      0xb5afa (size before relaxing)
 .debug_str     0x00000000000b5d0e       0xbe Core/Src/system_stm32l4xx.o
                                      0xb5b97 (size before relaxing)
 .debug_str     0x00000000000b5dcc       0x36 Core/Startup/startup_stm32l432kcux.o
                                         0x5b (size before relaxing)
 .debug_str     0x00000000000b5e02      0x860 Drivers/STM32L4xx_HAL_Driver/Src/stm32l4xx_hal.o
                                      0xb648a (size before relaxing)
 .debug_str     0x00000000000b6662      0x38f Drivers/STM32L4xx_HAL_Driver/Src/stm32l4xx_hal_cortex.o
                                      0xb62e7 (size before relaxing)
 .debug_str     0x00000000000b69f1      0x23b Drivers/STM32L4xx_HAL_Driver/Src/stm32l4xx_hal_gpio.o
                                      0xb5e26 (size before relaxing)
 .debug_str     0x00000000000b6c2c      0x2d9 Drivers/STM32L4xx_HAL_Driver/Src/stm32l4xx_hal_pwr.o
                                      0xb5ea2 (size before relaxing)
 .debug_str     0x00000000000b6f05      0x3fc Drivers/STM32L4xx_HAL_Driver/Src/stm32l4xx_hal_pwr_ex.o
                                      0xb604f (size before relaxing)
 .debug_str     0x00000000000b7301      0x395 Drivers/STM32L4xx_HAL_Driver/Src/stm32l4xx_hal_rcc.o
                                      0xb6128 (size before relaxing)
 .debug_str     0x00000000000b7696      0x6d7 Drivers/STM32L4xx_HAL_Driver/Src/stm32l4xx_hal_rcc_ex.o
                                      0xb63a0 (size before relaxing)

.comment        0x0000000000000000       0x53
 .comment       0x0000000000000000       0x53 Core/Src/image_info.o
                                         0x54 (size before relaxing)
 .comment       0x0000000000000053       0x54 Core/Src/main.o
 .comment       0x0000000000000053       0x54 Core/Src/stm32l4xx_hal_msp.o
 .comment       0x0000000000000053       0x54 Core/Src/stm32l4xx_it.o
 .comment       0x0000000000000053       0x54 Core/Src/system_stm32l4xx.o
 .comment       0x0000000000000053       0x54 Drivers/STM32L4xx_HAL_Driver/Src/stm32l4xx_hal.o
 .comment       0x0000000000000053       0x54 Drivers/STM32L4xx_HAL_Driver/Src/stm32l4xx_hal_cortex.o
 .comment       0x0000000000000053       0x54 Drivers/STM32L4xx_HAL_Driver/Src/stm32l4xx_hal_gpio.o
 .comment       0x0000000000000053       0x54 Drivers/STM32L4xx_HAL_Driver/Src/stm32l4xx_hal_pwr.o
 .comment       0x0000000000000053       0x54 Drivers/STM32L4xx_HAL_Driver/Src/stm32l4xx_hal_pwr_ex.o
 .comment       0x0000000000000053       0x54 Drivers/STM32L4xx_HAL_Driver/Src/stm32l4xx_hal_rcc.o
 .comment       0x0000000000000053       0x54 Drivers/STM32L4xx_HAL_Driver/Src/stm32l4xx_hal_rcc_ex.o

.debug_ranges   0x0000000000000000      0x600
 .debug_ranges  0x0000000000000000       0x28 Core/Src/main.o
 .debug_ranges  0x0000000000000028       0x10 Core/Src/stm32l4xx_hal_msp.o
 .debug_ranges  0x0000000000000038       0x50 Core/Src/stm32l4xx_it.o
 .debug_ranges  0x0000000000000088       0x18 Core/Src/system_stm32l4xx.o
 .debug_ranges  0x00000000000000a0       0x20 Core/Startup/startup_stm32l432kcux.o
 .debug_ranges  0x00000000000000c0       0xf8 Drivers/STM32L4xx_HAL_Driver/Src/stm32l4xx_hal.o
 .debug_ranges  0x00000000000001b8      0x108 Drivers/STM32L4xx_HAL_Driver/Src/stm32l4xx_hal_cortex.o
 .debug_ranges  0x00000000000002c0       0x48 Drivers/STM32L4xx_HAL_Driver/Src/stm32l4xx_hal_gpio.o
 .debug_ranges  0x0000000000000308       0x88 Drivers/STM32L4xx_HAL_Driver/Src/stm32l4xx_hal_pwr.o
 .debug_ranges  0x0000000000000390      0x118 Drivers/STM32L4xx_HAL_Driver/Src/stm32l4xx_hal_pwr_ex.o
 .debug_ranges  0x00000000000004a8       0x78 Drivers/STM32L4xx_HAL_Driver/Src/stm32l4xx_hal_rcc.o
 .debug_ranges  0x0000000000000520       0xe0 Drivers/STM32L4xx_HAL_Driver/Src/stm32l4xx_hal_rcc_ex.o

.debug_frame    0x0000000000000000     0x18c8
 .debug_frame   0x0000000000000000       0x90 Core/Src/main.o
 .debug_frame   0x0000000000000090       0x38 Core/Src/stm32l4xx_hal_msp.o
 .debug_frame   0x00000000000000c8      0x104 Core/Src/stm32l4xx_it.o
 .debug_frame   0x00000000000001cc       0x58 Core/Src/system_stm32l4xx.o
 .debug_frame   0x0000000000000224      0x3dc Drivers/STM32L4xx_HAL_Driver/Src/stm32l4xx_hal.o
 .debug_frame   0x0000000000000600      0x498 Drivers/STM32L4xx_HAL_Driver/Src/stm32l4xx_hal_cortex.o
 .debug_frame   0x0000000000000a98      0x14c Drivers/STM32L4xx_HAL_Driver/Src/stm32l4xx_hal_gpio.o
 .debug_frame   0x0000000000000be4      0x230 Drivers/STM32L4xx_HAL_Driver/Src/stm32l4xx_hal_pwr.o
 .debug_frame   0x0000000000000e14      0x4a4 Drivers/STM32L4xx_HAL_Driver/Src/stm32l4xx_hal_pwr_ex.o
 .debug_frame   0x00000000000012b8      0x1f4 Drivers/STM32L4xx_HAL_Driver/Src/stm32l4xx_hal_rcc.o
 .debug_frame   0x00000000000014ac      0x3d0 Drivers/STM32L4xx_HAL_Driver/Src/stm32l4xx_hal_rcc_ex.o
 .debug_frame   0x000000000000187c       0x2c c:/st/stm32cubeide_1.6.1/stm32cubeide/plugins/com.st.stm32cube.ide.mcu.externaltools.gnu-tools-for-stm32.9-2020-q2-update.win32_1.5.0.202011040924/tools/bin/../lib/gcc/arm-none-eabi/9.3.1/../../../../arm-none-eabi/lib/thumb/v7e-m+fp/hard\libc_nano.a(lib_a-init.o)
 .debug_frame   0x00000000000018a8       0x20 c:/st/stm32cubeide_1.6.1/stm32cubeide/plugins/com.st.stm32cube.ide.mcu.externaltools.gnu-tools-for-stm32.9-2020-q2-update.win32_1.5.0.202011040924/tools/bin/../lib/gcc/arm-none-eabi/9.3.1/../../../../arm-none-eabi/lib/thumb/v7e-m+fp/hard\libc_nano.a(lib_a-memset.o)
